{"type":"server-started","port":64447,"host":"127.0.0.1","url_host":"localhost","url":"http://localhost:64447/?key=6d295b4adc8f3d1d13afdfbf69d19254448eebe88eccf03958b5569373ee901a","screen_dir":"/Users/nigelfernando/Documents/Allyvia/allyvia-frontend/.superpowers/brainstorm/64136-1784761891/content","state_dir":"/Users/nigelfernando/Documents/Allyvia/allyvia-frontend/.superpowers/brainstorm/64136-1784761891/state","idle_timeout_ms":14400000}
{"type":"screen-added","file":"/Users/nigelfernando/Documents/Allyvia/allyvia-frontend/.superpowers/brainstorm/64136-1784761891/content/gallery.html"}
{"source":"user-event","type":"click","text":"▪ Dash▪ POS▪ Vendors\n      ◧♛\n        Daily Profit$0ActiveInactive\n    \n    TintedSoft brand wash on the page background; cards stay white and elevated. Subtle, branded, fully legible.","choice":"tinted","id":null,"timestamp":1784761976198}
{"source":"user-event","type":"click","text":"▪ Dash▪ POS▪ Vendors\n      ◧♛\n        Daily Profit$0ActiveInactive\n    \n    CleanAll white; brand color only on accents (active nav, links, headings, chart bars). Maximum legibility.","choice":"clean","id":null,"timestamp":1784761977283}
{"source":"user-event","type":"click","text":"▪ Dash▪ POS▪ Vendors\n      ◧♛\n        Daily Profit$0ActiveInactive\n    \n    SidebarDark brand sidebar + top bar (chrome); content stays white. The current look — brand framing, readable data.","choice":"sidebar","id":null,"timestamp":1784761977813}
{"type":"screen-updated","file":"/Users/nigelfernando/Documents/Allyvia/allyvia-frontend/.superpowers/brainstorm/64136-1784761891/content/gallery.html"}
{"source":"user-event","type":"click","text":"▪ Dash▪ POS▪ Vendors\n      ◧♛\n        Daily Profit$0ActiveInactive\n    \n    BoldDark brand surfaces everywhere + light text. Status chips stay bright & legible. The dramatic, all-in look.","choice":"bold","id":null,"timestamp":1784761979639}
{"source":"user-event","type":"click","text":"▪ Dash▪ POS▪ Vendors\n      ◧♛\n        Daily Profit$0ActiveInactive\n    \n    ImmersiveBrand tint across every surface (sidebar, header, canvas, cards) kept light and legible. Fully branded.","choice":"immersive","id":null,"timestamp":1784761980057}
{"source":"user-event","type":"click","text":"▪ Dash▪ POS▪ Vendors\n      ◧♛\n        Daily Profit$0ActiveInactive\n    \n    CleanAll white; brand color only on accents (active nav, links, headings, chart bars). Maximum legibility.","choice":"clean","id":null,"timestamp":1784761980901}
{"source":"user-event","type":"click","text":"▪ Dash▪ POS▪ Vendors\n      ◧♛\n        Daily Profit$0ActiveInactive\n    \n    SidebarDark brand sidebar + top bar (chrome); content stays white. The current look — brand framing, readable data.","choice":"sidebar","id":null,"timestamp":1784761981205}
{"source":"user-event","type":"click","text":"▪ Dash▪ POS▪ Vendors\n      ◧♛\n        Daily Profit$0ActiveInactive\n    \n    WidgetsWhite app, but cards get brand-colored headers, left-borders and icons. Brand pops on the data cards.","choice":"widgets","id":null,"timestamp":1784761981696}
{"source":"user-event","type":"click","text":"▪ Dash▪ POS▪ Vendors\n      ◧♛\n        Daily Profit$0ActiveInactive\n    \n    TintedSoft brand wash on the page background; cards stay white and elevated. Subtle, branded, fully legible.","choice":"tinted","id":null,"timestamp":1784762054022}
{"source":"user-event","type":"click","text":"▪ Dash▪ POS▪ Vendors\n      ◧♛\n        Daily Profit$0ActiveInactive\n    \n    SidebarDark brand sidebar + top bar (chrome); content stays white. The current look — brand framing, readable data.","choice":"sidebar","id":null,"timestamp":1784762054572}
{"source":"user-event","type":"click","text":"▪ Dash▪ POS▪ Vendors\n      ◧♛\n        Daily Profit$0ActiveInactive\n    \n    WidgetsWhite app, but cards get brand-colored headers, left-borders and icons. Brand pops on the data cards.","choice":"widgets","id":null,"timestamp":1784762055005}
{"source":"user-event","type":"click","text":"▪ Dash▪ POS▪ Vendors\n      ◧♛\n        Daily Profit$0ActiveInactive\n    \n    BoldDark brand surfaces everywhere + light text. Status chips stay bright & legible. The dramatic, all-in look.","choice":"bold","id":null,"timestamp":1784762056071}
{"source":"user-event","type":"click","text":"▪ Dash▪ POS▪ Vendors\n      ◧♛\n        Daily Profit$0ActiveInactive\n    \n    ImmersiveBrand tint across every surface (sidebar, header, canvas, cards) kept light and legible. Fully branded.","choice":"immersive","id":null,"timestamp":1784762056472}
{"source":"user-event","type":"click","text":"▪ Dash▪ POS▪ Vendors\n      ◧♛\n        Daily Profit$0ActiveInactive\n    \n    CleanAll white; brand color only on accents (active nav, links, headings, chart bars). Maximum legibility.","choice":"clean","id":null,"timestamp":1784762056938}
{"source":"user-event","type":"click","text":"▪ Dash▪ POS▪ Vendors\n      ◧♛\n        Daily Profit$0ActiveInactive\n    \n    TintedSoft brand wash on the page background; cards stay white and elevated. Subtle, branded, fully legible.","choice":"tinted","id":null,"timestamp":1784762057374}
{"type":"screen-added","file":"/Users/nigelfernando/Documents/Allyvia/allyvia-frontend/.superpowers/brainstorm/64136-1784761891/content/captured.html"}
{"type":"server-stopped","reason":"owner process exited"}
